[DATA_POINT]
1="HTTP_204"
2="tcp_connect"
3="tcp_connection_count"
4="mic_recv"
5="HTTP_200"
6="tcp_shutdown"
7="HTTP_302"
8="HTTP_500"
[END_TRANSACTION]
491="http://learning2.pflb.ru:56902/api/ticket/150986/solve/"
492="http://learning2.pflb.ru:56902/api/ticket/150977"
493="http://learning2.pflb.ru:56902/api/ticket/150977/solve/"
494="http://learning2.pflb.ru:56902/api/inventoryNumbers?serviceId=2977&shopId=-2"
495="http://learning2.pflb.ru:56902/api/inventoryNumbers?shopId=-2&serviceId=2977&serviceId=2977&q=&page=0"
496="http://learning2.pflb.ru:56902/api/user/catalog/node/164/children/"
497="http://learning2.pflb.ru:56902/api/user/catalog/node/164/service/"
498="http://learning2.pflb.ru:56902/api/user/catalog/breadcrumbs/164"
499="http://learning2.pflb.ru:56902/api/inventoryNumbers?serviceId=2848&shopId=4"
1="vuser_init_Transaction"
2="http://learning2.pflb.ru:56902/login"
3="http://learning2.pflb.ru:56902/js/core/legacy.js"
4="http://learning2.pflb.ru:56902/css/core/material_icons.css"
5="http://learning2.pflb.ru:56902/js/core/jquery.cookie.js"
6="http://learning2.pflb.ru:56902/js/page/authorisation.js"
7="http://learning2.pflb.ru:56902/js/core/dust.js"
8="http://learning2.pflb.ru:56902/css/core/materialize.css"
9="http://learning2.pflb.ru:56902/css/style.css"
500="http://learning2.pflb.ru:56902/api/inventoryNumbers?shopId=4&serviceId=2848&serviceId=2848&q=&page=0"
501="http://learning2.pflb.ru:56902/api/task/150988"
502="http://learning2.pflb.ru:56902/api/ticket/150988/comment/"
503="http://learning2.pflb.ru:56902/api/ticket/150978"
504="http://learning2.pflb.ru:56902/api/ticket/150978/solve/"
505="http://learning2.pflb.ru:56902/api/ticket/150961"
506="http://learning2.pflb.ru:56902/api/ticket/150961/solve/"
507="http://learning2.pflb.ru:56902/api/user/catalog/node/7/children/"
508="http://learning2.pflb.ru:56902/api/user/catalog/node/7/service/"
509="http://learning2.pflb.ru:56902/api/user/catalog/breadcrumbs/7"
510="http://learning2.pflb.ru:56902/api/inventoryNumbers?serviceId=2501&shopId=-2"
511="http://learning2.pflb.ru:56902/api/inventoryNumbers?shopId=-2&serviceId=2501&serviceId=2501&q=&page=0"
512="http://learning2.pflb.ru:56902/api/user/catalog/node/144/children/"
513="http://learning2.pflb.ru:56902/api/user/catalog/node/144/service/"
514="http://learning2.pflb.ru:56902/api/user/catalog/breadcrumbs/144"
515="http://learning2.pflb.ru:56902/api/inventoryNumbers?serviceId=2784&shopId=-1"
516="http://learning2.pflb.ru:56902/api/inventoryNumbers?shopId=-1&serviceId=2784&serviceId=2784&q=&page=0"
517="http://learning2.pflb.ru:56902/api/task/150989"
518="http://learning2.pflb.ru:56902/api/ticket/150989/comment/"
519="http://learning2.pflb.ru:56902/api/task/150985"
520="http://learning2.pflb.ru:56902/api/ticket/150985/comment/"
521="http://learning2.pflb.ru:56902/api/ticket/150985"
522="http://learning2.pflb.ru:56902/api/ticket/150985/solve/"
523="http://learning2.pflb.ru:56902/api/ticket/150988"
524="http://learning2.pflb.ru:56902/api/ticket/150988/solve/"
525="http://learning2.pflb.ru:56902/api/user/catalog/node/179/children/"
526="http://learning2.pflb.ru:56902/api/user/catalog/node/179/service/"
527="http://learning2.pflb.ru:56902/api/user/catalog/breadcrumbs/179"
528="http://learning2.pflb.ru:56902/api/inventoryNumbers?serviceId=2884&shopId=2"
529="http://learning2.pflb.ru:56902/api/inventoryNumbers?shopId=2&serviceId=2884&serviceId=2884&q=&page=0"
530="http://learning2.pflb.ru:56902/api/user/catalog/node/172/children/"
531="http://learning2.pflb.ru:56902/api/user/catalog/node/172/service/"
532="http://learning2.pflb.ru:56902/api/user/catalog/breadcrumbs/172"
533="http://learning2.pflb.ru:56902/api/inventoryNumbers?serviceId=2869&shopId=5"
534="http://learning2.pflb.ru:56902/api/inventoryNumbers?shopId=5&serviceId=2869&serviceId=2869&q=&page=0"
535="http://learning2.pflb.ru:56902/api/task/150991"
536="http://learning2.pflb.ru:56902/api/ticket/150991/comment/"
537="http://learning2.pflb.ru:56902/api/ticket/150989"
538="http://learning2.pflb.ru:56902/api/ticket/150989/solve/"
539="http://learning2.pflb.ru:56902/api/task/150993"
540="http://learning2.pflb.ru:56902/api/ticket/150993/comment/"
541="http://learning2.pflb.ru:56902/api/ticket/150993"
542="http://learning2.pflb.ru:56902/api/ticket/150993/solve/"
543="http://learning2.pflb.ru:56902/api/user/catalog/node/149/children/"
544="http://learning2.pflb.ru:56902/api/user/catalog/node/149/service/"
545="http://learning2.pflb.ru:56902/api/user/catalog/breadcrumbs/149"
546="http://learning2.pflb.ru:56902/api/inventoryNumbers?serviceId=2813&shopId=1"
547="http://learning2.pflb.ru:56902/api/inventoryNumbers?shopId=1&serviceId=2813&serviceId=2813&q=&page=0"
548="http://learning2.pflb.ru:56902/api/inventoryNumbers?serviceId=2988&shopId=5"
549="http://learning2.pflb.ru:56902/api/inventoryNumbers?shopId=5&serviceId=2988&serviceId=2988&q=&page=0"
550="http://learning2.pflb.ru:56902/api/task/150984"
551="http://learning2.pflb.ru:56902/api/ticket/150984/comment/"
552="http://learning2.pflb.ru:56902/api/ticket/150983"
553="http://learning2.pflb.ru:56902/api/ticket/150983/solve/"
554="http://learning2.pflb.ru:56902/api/ticket/150991"
555="http://learning2.pflb.ru:56902/api/ticket/150991/solve/"
556="http://learning2.pflb.ru:56902/api/inventoryNumbers?serviceId=2792&shopId=2"
557="http://learning2.pflb.ru:56902/api/inventoryNumbers?shopId=2&serviceId=2792&serviceId=2792&q=&page=0"
558="http://learning2.pflb.ru:56902/api/inventoryNumbers?serviceId=2845&shopId=1"
559="http://learning2.pflb.ru:56902/api/inventoryNumbers?shopId=1&serviceId=2845&serviceId=2845&q=&page=0"
560="http://learning2.pflb.ru:56902/api/task/150987"
561="http://learning2.pflb.ru:56902/api/ticket/150987/comment/"
562="http://learning2.pflb.ru:56902/api/ticket/150987"
563="http://learning2.pflb.ru:56902/api/ticket/150987/solve/"
564="http://learning2.pflb.ru:56902/api/task/150996"
565="http://learning2.pflb.ru:56902/api/ticket/150996/comment/"
566="http://learning2.pflb.ru:56902/api/ticket/150996"
567="http://learning2.pflb.ru:56902/api/ticket/150996/solve/"
568="http://learning2.pflb.ru:56902/api/inventoryNumbers?serviceId=2915&shopId=2"
569="http://learning2.pflb.ru:56902/api/inventoryNumbers?shopId=2&serviceId=2915&serviceId=2915&q=&page=0"
570="http://learning2.pflb.ru:56902/api/inventoryNumbers?serviceId=2789&shopId=5"
571="http://learning2.pflb.ru:56902/api/inventoryNumbers?shopId=5&serviceId=2789&serviceId=2789&q=&page=0"
572="http://learning2.pflb.ru:56902/api/task/150992"
573="http://learning2.pflb.ru:56902/api/ticket/150992/comment/"
574="http://learning2.pflb.ru:56902/api/task/150998"
575="http://learning2.pflb.ru:56902/api/ticket/150998/comment/"
576="http://learning2.pflb.ru:56902/api/task/150997"
577="http://learning2.pflb.ru:56902/api/ticket/150997/comment/"
578="http://learning2.pflb.ru:56902/api/ticket/150980"
579="http://learning2.pflb.ru:56902/api/ticket/150980/solve/"
580="http://learning2.pflb.ru:56902/api/ticket/150948"
581="http://learning2.pflb.ru:56902/api/ticket/150948/solve/"
582="http://learning2.pflb.ru:56902/api/inventoryNumbers?serviceId=2991&shopId=1"
583="http://learning2.pflb.ru:56902/api/inventoryNumbers?shopId=1&serviceId=2991&serviceId=2991&q=&page=0"
584="http://learning2.pflb.ru:56902/api/user/catalog/node/199/children/"
585="http://learning2.pflb.ru:56902/api/user/catalog/node/199/service/"
586="http://learning2.pflb.ru:56902/api/user/catalog/breadcrumbs/199"
587="http://learning2.pflb.ru:56902/api/inventoryNumbers?serviceId=2945&shopId=2"
588="http://learning2.pflb.ru:56902/api/inventoryNumbers?shopId=2&serviceId=2945&serviceId=2945&q=&page=0"
589="http://learning2.pflb.ru:56902/api/task/150990"
590="http://learning2.pflb.ru:56902/api/ticket/150990/comment/"
591="http://learning2.pflb.ru:56902/api/task/150999"
592="http://learning2.pflb.ru:56902/api/ticket/150999/comment/"
593="http://learning2.pflb.ru:56902/api/task/151000"
594="http://learning2.pflb.ru:56902/api/ticket/151000/comment/"
595="http://learning2.pflb.ru:56902/api/ticket/151000"
596="http://learning2.pflb.ru:56902/api/ticket/151000/solve/"
597="http://learning2.pflb.ru:56902/api/ticket/150968"
598="http://learning2.pflb.ru:56902/api/ticket/150968/solve/"
599="http://learning2.pflb.ru:56902/api/inventoryNumbers?serviceId=2929&shopId=1"
600="http://learning2.pflb.ru:56902/api/inventoryNumbers?shopId=1&serviceId=2929&serviceId=2929&q=&page=0"
601="http://learning2.pflb.ru:56902/api/inventoryNumbers?serviceId=2886&shopId=1"
602="http://learning2.pflb.ru:56902/api/inventoryNumbers?shopId=1&serviceId=2886&serviceId=2886&q=&page=0"
603="http://learning2.pflb.ru:56902/api/task/151002"
604="http://learning2.pflb.ru:56902/api/ticket/151002/comment/"
605="http://learning2.pflb.ru:56902/api/task/150994"
606="http://learning2.pflb.ru:56902/api/ticket/150994/comment/"
607="http://learning2.pflb.ru:56902/api/ticket/150994"
608="http://learning2.pflb.ru:56902/api/ticket/150994/solve/"
609="http://learning2.pflb.ru:56902/api/task/151001"
610="http://learning2.pflb.ru:56902/api/ticket/151001/comment/"
611="http://learning2.pflb.ru:56902/api/ticket/151001"
612="http://learning2.pflb.ru:56902/api/ticket/151001/solve/"
613="vuser_end_Transaction"
614="http://learning2.pflb.ru:56902/api/user/catalog/node/161/children/"
615="http://learning2.pflb.ru:56902/api/user/catalog/node/161/service/"
616="http://learning2.pflb.ru:56902/api/user/catalog/breadcrumbs/161"
617="http://learning2.pflb.ru:56902/api/inventoryNumbers?serviceId=2840&shopId=4"
618="http://learning2.pflb.ru:56902/api/inventoryNumbers?shopId=4&serviceId=2840&serviceId=2840&q=&page=0"
619="http://learning2.pflb.ru:56902/api/inventoryNumbers?serviceId=2959&shopId=-2"
620="http://learning2.pflb.ru:56902/api/inventoryNumbers?shopId=-2&serviceId=2959&serviceId=2959&q=&page=0"
621="http://learning2.pflb.ru:56902/api/task/150995"
622="http://learning2.pflb.ru:56902/api/ticket/150995/comment/"
623="http://learning2.pflb.ru:56902/api/ticket/150995"
624="http://learning2.pflb.ru:56902/api/ticket/150995/solve/"
625="http://learning2.pflb.ru:56902/api/ticket/150992"
626="http://learning2.pflb.ru:56902/api/ticket/150992/solve/"
10="http://learning2.pflb.ru:56902/js/core/materialize.js"
11="http://learning2.pflb.ru:56902/js/core/jquery-3.1.1.js"
12="/login_Login_3"
13="http://learning2.pflb.ru:56902/api/login"
14="/api/login_Login_17"
15="http://localhost:8086/write?db=loadrunner"
16="DB_Request_influx_32"
17="http://learning2.pflb.ru:56902/css/core/ee-file-upload.css"
18="http://learning2.pflb.ru:56902/css/core/select2.min.css"
19="http://learning2.pflb.ru:56902/css/core/quill.snow.css"
20="http://learning2.pflb.ru:56902/css/company_2.css"
21="http://learning2.pflb.ru:56902/js/core/clamp.js"
22="http://learning2.pflb.ru:56902/js/core/jquery.maskedinput.js"
23="http://learning2.pflb.ru:56902/"
24="http://learning2.pflb.ru:56902/css/core/uploadfile.css"
25="http://learning2.pflb.ru:56902/css/core/materialize.min.css"
26="http://learning2.pflb.ru:56902/js/core/custom-helpers.js"
27="http://learning2.pflb.ru:56902/js/core/jquery.uploadfile.js"
28="http://learning2.pflb.ru:56902/js/core/readmore.min.js"
29="http://learning2.pflb.ru:56902/js/core/materialize-select.js"
30="http://learning2.pflb.ru:56902/js/core/jquery.ee.router.js"
31="http://learning2.pflb.ru:56902/js/core/dust-helpers.js"
32="http://learning2.pflb.ru:56902/js/core/materialize.min.js"
33="http://learning2.pflb.ru:56902/js/core/materialize-pagination.js"
34="http://learning2.pflb.ru:56902/js/core/materialTable.js"
35="http://learning2.pflb.ru:56902/js/index.js"
36="http://learning2.pflb.ru:56902/js/core/polyphills.js"
37="http://learning2.pflb.ru:56902/js/core/select2.full.min.js"
38="http://learning2.pflb.ru:56902/js/core/helpers.js"
39="/_Login_34"
40="http://learning2.pflb.ru:56902/api/checkLogin"
41="/api/checkLogin_Login_44"
42="http://learning2.pflb.ru:56902/api/user/info"
43="/api/user/info_Login_54"
44="http://learning2.pflb.ru:56902/api/ticket/countByState/4"
45="/api/ticket/countByState/4_Login_64"
46="http://learning2.pflb.ru:56902/api/ticket/countByState/"
47="/api/ticket/countByState/_Login_74"
48="http://learning2.pflb.ru:56902/api/ticket/?state=-1,0,1,5&page=0&size=10"
49="/api/ticket/_Login_84"
50="UC01_TR01_login"
51="Login_Transaction"
52="http://learning2.pflb.ru:56902/api/user/catalog/node/0/children/"
53="/api/user/catalog/nod_CreateOrder_6"
54="UC01_TR02_NewOrder"
55="http://learning2.pflb.ru:56902/api/shops?q=&page=0"
56="/api/shops_CreateOrder_27"
57="/api/user/catalog/no_CreateOrder_39"
58="http://learning2.pflb.ru:56902/api/user/catalog/treeview?shopid=1"
59="/api/user/catalog/tr_CreateOrder_62"
60="UC01_TR03_Location1"
61="http://learning2.pflb.ru:56902/api/user/catalog/node/147/children/"
62="/api/user/catalog/no_CreateOrder_83"
63="http://learning2.pflb.ru:56902/api/user/catalog/node/147/service/"
64="/api/user/catalog/no_CreateOrder_93"
65="http://learning2.pflb.ru:56902/api/user/catalog/breadcrumbs/147"
66="/api/user/catalog/b_CreateOrder_108"
67="http://learning2.pflb.ru:56902/api/inventoryNumbers?serviceId=2799&shopId=1"
68="/api/inventoryNumbe_CreateOrder_124"
69="UC01_TR04_theme1"
70="/api/inventoryNumbe_CreateOrder_148"
71="UC01_TR05_Description"
72="http://learning2.pflb.ru:56902/api/inventoryNumbers?shopId=1&serviceId=2799&serviceId=2799&q=&page=0"
73="/api/inventoryNumbe_CreateOrder_170"
74="UC01_TR06_inventoryNum"
75="http://learning2.pflb.ru:56902/api/ticket/"
76="/api/ticket/_CreateOrder_205"
77="UC01_TR07_descFinish"
78="/api/checkLogin_CreateOrder_239"
79="/api/user/info_CreateOrder_249"
80="/api/ticket/countBy_CreateOrder_259"
81="/api/ticket/countBy_CreateOrder_269"
82="/api/ticket/countBy_CreateOrder_279"
83="/api/ticket/_CreateOrder_289"
84="/api/ticket/_CreateOrder_302"
85="UC01_TR08_descFinishOK"
86="CreateOrder_Transaction"
87="http://learning2.pflb.ru:56902/api/user/catalog/treeview?shopid=4"
88="http://learning2.pflb.ru:56902/api/user/catalog/node/169/children/"
89="http://learning2.pflb.ru:56902/api/user/catalog/node/169/service/"
90="http://learning2.pflb.ru:56902/api/user/catalog/breadcrumbs/169"
91="http://learning2.pflb.ru:56902/api/inventoryNumbers?serviceId=2858&shopId=4"
92="http://learning2.pflb.ru:56902/api/inventoryNumbers?shopId=4&serviceId=2858&serviceId=2858&q=&page=0"
93="http://learning2.pflb.ru:56902/api/task/countByState/"
94="/api/task/countByState/_Comment_6"
95="http://learning2.pflb.ru:56902/api/task/?state=1&page=0&size=10"
96="/api/task/_Comment_21"
97="UC03_TR09_tasks"
98="http://learning2.pflb.ru:56902/api/task/150932"
99="/api/task/id_Comment_39"
100="/api/checkLogin_Comment_49"
101="http://learning2.pflb.ru:56902/api/ticket/150932/comment/"
102="/api/ticket/id/comment/_Comment_59"
103="UC03_TR10_selectTask"
104="/api/ticket/id/comment/_Comment_77"
105="/api/ticket/id/comment/_Comment_95"
106="UC03_TR11_commentFinish"
107="Comment_Transaction"
108="http://learning2.pflb.ru:56902/api/task/150853"
109="http://learning2.pflb.ru:56902/api/ticket/150853/comment/"
110="http://learning2.pflb.ru:56902/api/task/150854"
111="http://learning2.pflb.ru:56902/api/ticket/150854/comment/"
112="/api/task/countByState/_Close_7"
113="/api/task/_Close_23"
114="UC04_TR12_tasks"
115="http://learning2.pflb.ru:56902/api/task/150934"
116="/api/task/id_Close_41"
117="/api/checkLogin_Close_51"
118="http://learning2.pflb.ru:56902/api/ticket/150934/comment/"
119="/api/ticket/id/comment/_Close_61"
120="UC04_TR13_selectTask"
121="http://learning2.pflb.ru:56902/api/ticket/150934"
122="/api/ticket/id_Close_75"
123="/api/ticket/id/comment/_Close_86"
124="UC04_TR14_ToOrder"
125="http://learning2.pflb.ru:56902/api/ticket/150934/solve/"
126="/api/ticket/id/solve/_Close_104"
127="/api/checkLogin_Close_128"
128="/api/user/info_Close_138"
129="/api/ticket/countByState/_Close_148"
130="/api/ticket/countByState/_Close_158"
131="/api/task/countByState/_Close_168"
132="/api/task/_Close_178"
133="/api/ticket/_Close_190"
134="UC04_TR15_closeOrder"
135="Close_Transaction"
136="http://learning2.pflb.ru:56902/api/task/150769"
137="http://learning2.pflb.ru:56902/api/ticket/150769/comment/"
138="http://learning2.pflb.ru:56902/api/ticket/150769"
139="http://learning2.pflb.ru:56902/api/ticket/150769/solve/"
140="http://learning2.pflb.ru:56902/api/logout"
141="http://learning2.pflb.ru:56902/login.html"
142="/api/logout_Logout_7"
143="/login_Logout_20"
144="UC01_TR16_logout1"
145="Logout_Transaction"
146="Actions_Transaction"
147="http://learning2.pflb.ru:56902/api/user/catalog/node/201/children/"
148="http://learning2.pflb.ru:56902/api/user/catalog/node/201/service/"
149="http://learning2.pflb.ru:56902/api/user/catalog/breadcrumbs/201"
150="http://learning2.pflb.ru:56902/api/inventoryNumbers?serviceId=2953&shopId=1"
151="http://learning2.pflb.ru:56902/api/inventoryNumbers?shopId=1&serviceId=2953&serviceId=2953&q=&page=0"
152="http://learning2.pflb.ru:56902/api/inventoryNumbers?serviceId=2802&shopId=1"
153="http://learning2.pflb.ru:56902/api/inventoryNumbers?shopId=1&serviceId=2802&serviceId=2802&q=&page=0"
154="http://learning2.pflb.ru:56902/api/task/150855"
155="http://learning2.pflb.ru:56902/api/ticket/150855/comment/"
156="http://learning2.pflb.ru:56902/api/task/150945"
157="http://learning2.pflb.ru:56902/api/ticket/150945/comment/"
158="http://learning2.pflb.ru:56902/api/task/150943"
159="http://learning2.pflb.ru:56902/api/ticket/150943/comment/"
160="http://learning2.pflb.ru:56902/api/ticket/150943"
161="http://learning2.pflb.ru:56902/api/ticket/150943/solve/"
162="http://learning2.pflb.ru:56902/api/ticket/150932"
163="http://learning2.pflb.ru:56902/api/ticket/150932/solve/"
164="http://learning2.pflb.ru:56902/api/user/catalog/treeview?shopid=5"
165="http://learning2.pflb.ru:56902/api/user/catalog/node/181/children/"
166="http://learning2.pflb.ru:56902/api/user/catalog/node/181/service/"
167="http://learning2.pflb.ru:56902/api/user/catalog/breadcrumbs/181"
168="http://learning2.pflb.ru:56902/api/inventoryNumbers?serviceId=2892&shopId=5"
169="http://learning2.pflb.ru:56902/api/inventoryNumbers?shopId=5&serviceId=2892&serviceId=2892&q=&page=0"
170="http://learning2.pflb.ru:56902/api/user/catalog/treeview?shopid=2"
171="http://learning2.pflb.ru:56902/api/user/catalog/node/195/children/"
172="http://learning2.pflb.ru:56902/api/user/catalog/node/195/service/"
173="http://learning2.pflb.ru:56902/api/user/catalog/breadcrumbs/195"
174="http://learning2.pflb.ru:56902/api/inventoryNumbers?serviceId=2930&shopId=2"
175="http://learning2.pflb.ru:56902/api/inventoryNumbers?shopId=2&serviceId=2930&serviceId=2930&q=&page=0"
176="http://learning2.pflb.ru:56902/api/task/150857"
177="http://learning2.pflb.ru:56902/api/ticket/150857/comment/"
178="http://learning2.pflb.ru:56902/api/task/150942"
179="http://learning2.pflb.ru:56902/api/ticket/150942/comment/"
180="http://learning2.pflb.ru:56902/api/ticket/150942"
181="http://learning2.pflb.ru:56902/api/ticket/150942/solve/"
182="http://learning2.pflb.ru:56902/api/ticket/150855"
183="http://learning2.pflb.ru:56902/api/ticket/150855/solve/"
184="http://learning2.pflb.ru:56902/api/user/catalog/node/156/children/"
185="http://learning2.pflb.ru:56902/api/user/catalog/node/156/service/"
186="http://learning2.pflb.ru:56902/api/user/catalog/breadcrumbs/156"
187="http://learning2.pflb.ru:56902/api/inventoryNumbers?serviceId=2826&shopId=1"
188="http://learning2.pflb.ru:56902/api/inventoryNumbers?shopId=1&serviceId=2826&serviceId=2826&q=&page=0"
189="http://learning2.pflb.ru:56902/api/user/catalog/treeview?shopid=-1"
190="http://learning2.pflb.ru:56902/api/user/catalog/node/189/children/"
191="http://learning2.pflb.ru:56902/api/user/catalog/node/189/service/"
192="http://learning2.pflb.ru:56902/api/user/catalog/breadcrumbs/189"
193="http://learning2.pflb.ru:56902/api/inventoryNumbers?serviceId=2905&shopId=-1"
194="http://learning2.pflb.ru:56902/api/inventoryNumbers?shopId=-1&serviceId=2905&serviceId=2905&q=&page=0"
195="http://learning2.pflb.ru:56902/api/task/150929"
196="http://learning2.pflb.ru:56902/api/ticket/150929/comment/"
197="http://learning2.pflb.ru:56902/api/task/150947"
198="http://learning2.pflb.ru:56902/api/ticket/150947/comment/"
199="http://learning2.pflb.ru:56902/api/task/150939"
200="http://learning2.pflb.ru:56902/api/ticket/150939/comment/"
201="http://learning2.pflb.ru:56902/api/ticket/150939"
202="http://learning2.pflb.ru:56902/api/ticket/150939/solve/"
203="http://learning2.pflb.ru:56902/api/ticket/150945"
204="http://learning2.pflb.ru:56902/api/ticket/150945/solve/"
205="http://learning2.pflb.ru:56902/api/user/catalog/node/175/children/"
206="http://learning2.pflb.ru:56902/api/user/catalog/node/175/service/"
207="http://learning2.pflb.ru:56902/api/user/catalog/breadcrumbs/175"
208="http://learning2.pflb.ru:56902/api/inventoryNumbers?serviceId=2875&shopId=-1"
209="http://learning2.pflb.ru:56902/api/inventoryNumbers?shopId=-1&serviceId=2875&serviceId=2875&q=&page=0"
210="http://learning2.pflb.ru:56902/api/user/catalog/node/146/children/"
211="http://learning2.pflb.ru:56902/api/user/catalog/node/146/service/"
212="http://learning2.pflb.ru:56902/api/user/catalog/breadcrumbs/146"
213="http://learning2.pflb.ru:56902/api/inventoryNumbers?serviceId=2786&shopId=5"
214="http://learning2.pflb.ru:56902/api/inventoryNumbers?shopId=5&serviceId=2786&serviceId=2786&q=&page=0"
215="http://learning2.pflb.ru:56902/api/task/150944"
216="http://learning2.pflb.ru:56902/api/ticket/150944/comment/"
217="http://learning2.pflb.ru:56902/api/ticket/150944"
218="http://learning2.pflb.ru:56902/api/ticket/150944/solve/"
219="http://learning2.pflb.ru:56902/api/ticket/150854"
220="http://learning2.pflb.ru:56902/api/ticket/150854/solve/"
221="http://learning2.pflb.ru:56902/api/user/catalog/node/202/children/"
222="http://learning2.pflb.ru:56902/api/user/catalog/node/202/service/"
223="http://learning2.pflb.ru:56902/api/user/catalog/breadcrumbs/202"
224="http://learning2.pflb.ru:56902/api/inventoryNumbers?serviceId=2965&shopId=4"
225="http://learning2.pflb.ru:56902/api/inventoryNumbers?shopId=4&serviceId=2965&serviceId=2965&q=&page=0"
226="http://learning2.pflb.ru:56902/api/inventoryNumbers?serviceId=2960&shopId=-1"
227="http://learning2.pflb.ru:56902/api/inventoryNumbers?shopId=-1&serviceId=2960&serviceId=2960&q=&page=0"
228="http://learning2.pflb.ru:56902/api/task/150948"
229="http://learning2.pflb.ru:56902/api/ticket/150948/comment/"
230="http://learning2.pflb.ru:56902/api/task/150949"
231="http://learning2.pflb.ru:56902/api/ticket/150949/comment/"
232="http://learning2.pflb.ru:56902/api/task/150946"
233="http://learning2.pflb.ru:56902/api/ticket/150946/comment/"
234="http://learning2.pflb.ru:56902/api/ticket/150949"
235="http://learning2.pflb.ru:56902/api/ticket/150949/solve/"
236="http://learning2.pflb.ru:56902/api/task/150952"
237="http://learning2.pflb.ru:56902/api/ticket/150952/comment/"
238="http://learning2.pflb.ru:56902/api/ticket/150952"
239="http://learning2.pflb.ru:56902/api/ticket/150952/solve/"
240="http://learning2.pflb.ru:56902/api/user/catalog/node/190/children/"
241="http://learning2.pflb.ru:56902/api/user/catalog/node/190/service/"
242="http://learning2.pflb.ru:56902/api/user/catalog/breadcrumbs/190"
243="http://learning2.pflb.ru:56902/api/inventoryNumbers?serviceId=2910&shopId=5"
244="http://learning2.pflb.ru:56902/api/inventoryNumbers?shopId=5&serviceId=2910&serviceId=2910&q=&page=0"
245="http://learning2.pflb.ru:56902/api/user/catalog/node/163/children/"
246="http://learning2.pflb.ru:56902/api/user/catalog/node/163/service/"
247="http://learning2.pflb.ru:56902/api/user/catalog/breadcrumbs/163"
248="http://learning2.pflb.ru:56902/api/inventoryNumbers?serviceId=2842&shopId=5"
249="http://learning2.pflb.ru:56902/api/inventoryNumbers?shopId=5&serviceId=2842&serviceId=2842&q=&page=0"
250="http://learning2.pflb.ru:56902/api/task/150950"
251="http://learning2.pflb.ru:56902/api/ticket/150950/comment/"
252="http://learning2.pflb.ru:56902/api/ticket/150929"
253="http://learning2.pflb.ru:56902/api/ticket/150929/solve/"
254="http://learning2.pflb.ru:56902/api/task/150955"
255="http://learning2.pflb.ru:56902/api/ticket/150955/comment/"
256="http://learning2.pflb.ru:56902/api/ticket/150955"
257="http://learning2.pflb.ru:56902/api/ticket/150955/solve/"
258="http://learning2.pflb.ru:56902/api/inventoryNumbers?serviceId=2963&shopId=-1"
259="http://learning2.pflb.ru:56902/api/inventoryNumbers?shopId=-1&serviceId=2963&serviceId=2963&q=&page=0"
260="http://learning2.pflb.ru:56902/api/inventoryNumbers?serviceId=2910&shopId=4"
261="http://learning2.pflb.ru:56902/api/inventoryNumbers?shopId=4&serviceId=2910&serviceId=2910&q=&page=0"
262="http://learning2.pflb.ru:56902/api/task/150957"
263="http://learning2.pflb.ru:56902/api/ticket/150957/comment/"
264="http://learning2.pflb.ru:56902/api/task/150953"
265="http://learning2.pflb.ru:56902/api/ticket/150953/comment/"
266="http://learning2.pflb.ru:56902/api/ticket/150953"
267="http://learning2.pflb.ru:56902/api/ticket/150953/solve/"
268="http://learning2.pflb.ru:56902/api/ticket/150950"
269="http://learning2.pflb.ru:56902/api/ticket/150950/solve/"
270="http://learning2.pflb.ru:56902/api/user/catalog/node/198/children/"
271="http://learning2.pflb.ru:56902/api/user/catalog/node/198/service/"
272="http://learning2.pflb.ru:56902/api/user/catalog/breadcrumbs/198"
273="http://learning2.pflb.ru:56902/api/inventoryNumbers?serviceId=2941&shopId=1"
274="http://learning2.pflb.ru:56902/api/inventoryNumbers?shopId=1&serviceId=2941&serviceId=2941&q=&page=0"
275="http://learning2.pflb.ru:56902/api/inventoryNumbers?serviceId=2963&shopId=1"
276="http://learning2.pflb.ru:56902/api/inventoryNumbers?shopId=1&serviceId=2963&serviceId=2963&q=&page=0"
277="http://learning2.pflb.ru:56902/api/task/150951"
278="http://learning2.pflb.ru:56902/api/ticket/150951/comment/"
279="http://learning2.pflb.ru:56902/api/ticket/150946"
280="http://learning2.pflb.ru:56902/api/ticket/150946/solve/"
281="http://learning2.pflb.ru:56902/api/ticket/150957"
282="http://learning2.pflb.ru:56902/api/ticket/150957/solve/"
283="http://learning2.pflb.ru:56902/api/user/catalog/node/200/children/"
284="http://learning2.pflb.ru:56902/api/user/catalog/node/200/service/"
285="http://learning2.pflb.ru:56902/api/user/catalog/breadcrumbs/200"
286="http://learning2.pflb.ru:56902/api/inventoryNumbers?serviceId=2944&shopId=1"
287="http://learning2.pflb.ru:56902/api/inventoryNumbers?shopId=1&serviceId=2944&serviceId=2944&q=&page=0"
288="http://learning2.pflb.ru:56902/api/user/catalog/node/167/children/"
289="http://learning2.pflb.ru:56902/api/user/catalog/node/167/service/"
290="http://learning2.pflb.ru:56902/api/user/catalog/breadcrumbs/167"
291="http://learning2.pflb.ru:56902/api/inventoryNumbers?serviceId=2853&shopId=4"
292="http://learning2.pflb.ru:56902/api/inventoryNumbers?shopId=4&serviceId=2853&serviceId=2853&q=&page=0"
293="http://learning2.pflb.ru:56902/api/task/150959"
294="http://learning2.pflb.ru:56902/api/ticket/150959/comment/"
295="http://learning2.pflb.ru:56902/api/task/150958"
296="http://learning2.pflb.ru:56902/api/ticket/150958/comment/"
297="http://learning2.pflb.ru:56902/api/ticket/150958"
298="http://learning2.pflb.ru:56902/api/ticket/150958/solve/"
299="http://learning2.pflb.ru:56902/api/task/150956"
300="http://learning2.pflb.ru:56902/api/ticket/150956/comment/"
301="http://learning2.pflb.ru:56902/api/ticket/150956"
302="http://learning2.pflb.ru:56902/api/ticket/150956/solve/"
303="http://learning2.pflb.ru:56902/api/inventoryNumbers?serviceId=2785&shopId=1"
304="http://learning2.pflb.ru:56902/api/inventoryNumbers?shopId=1&serviceId=2785&serviceId=2785&q=&page=0"
305="http://learning2.pflb.ru:56902/api/inventoryNumbers?serviceId=2793&shopId=1"
306="http://learning2.pflb.ru:56902/api/inventoryNumbers?shopId=1&serviceId=2793&serviceId=2793&q=&page=0"
307="http://learning2.pflb.ru:56902/api/task/150963"
308="http://learning2.pflb.ru:56902/api/ticket/150963/comment/"
309="http://learning2.pflb.ru:56902/api/ticket/150959"
310="http://learning2.pflb.ru:56902/api/ticket/150959/solve/"
311="http://learning2.pflb.ru:56902/api/task/150954"
312="http://learning2.pflb.ru:56902/api/ticket/150954/comment/"
313="http://learning2.pflb.ru:56902/api/ticket/150954"
314="http://learning2.pflb.ru:56902/api/ticket/150954/solve/"
315="http://learning2.pflb.ru:56902/api/user/catalog/node/191/children/"
316="http://learning2.pflb.ru:56902/api/user/catalog/node/191/service/"
317="http://learning2.pflb.ru:56902/api/user/catalog/breadcrumbs/191"
318="http://learning2.pflb.ru:56902/api/inventoryNumbers?serviceId=2912&shopId=4"
319="http://learning2.pflb.ru:56902/api/inventoryNumbers?shopId=4&serviceId=2912&serviceId=2912&q=&page=0"
320="http://learning2.pflb.ru:56902/api/inventoryNumbers?serviceId=2908&shopId=5"
321="http://learning2.pflb.ru:56902/api/inventoryNumbers?shopId=5&serviceId=2908&serviceId=2908&q=&page=0"
322="http://learning2.pflb.ru:56902/api/task/150961"
323="http://learning2.pflb.ru:56902/api/ticket/150961/comment/"
324="http://learning2.pflb.ru:56902/api/task/150962"
325="http://learning2.pflb.ru:56902/api/ticket/150962/comment/"
326="http://learning2.pflb.ru:56902/api/ticket/150962"
327="http://learning2.pflb.ru:56902/api/ticket/150962/solve/"
328="http://learning2.pflb.ru:56902/api/ticket/150951"
329="http://learning2.pflb.ru:56902/api/ticket/150951/solve/"
330="http://learning2.pflb.ru:56902/api/inventoryNumbers?serviceId=2931&shopId=5"
331="http://learning2.pflb.ru:56902/api/inventoryNumbers?shopId=5&serviceId=2931&serviceId=2931&q=&page=0"
332="http://learning2.pflb.ru:56902/api/inventoryNumbers?serviceId=2931&shopId=2"
333="http://learning2.pflb.ru:56902/api/inventoryNumbers?shopId=2&serviceId=2931&serviceId=2931&q=&page=0"
334="http://learning2.pflb.ru:56902/api/task/150967"
335="http://learning2.pflb.ru:56902/api/ticket/150967/comment/"
336="http://learning2.pflb.ru:56902/api/task/150960"
337="http://learning2.pflb.ru:56902/api/ticket/150960/comment/"
338="http://learning2.pflb.ru:56902/api/task/150966"
339="http://learning2.pflb.ru:56902/api/ticket/150966/comment/"
340="http://learning2.pflb.ru:56902/api/ticket/150966"
341="http://learning2.pflb.ru:56902/api/ticket/150966/solve/"
342="http://learning2.pflb.ru:56902/api/ticket/150963"
343="http://learning2.pflb.ru:56902/api/ticket/150963/solve/"
344="http://learning2.pflb.ru:56902/api/user/catalog/node/185/children/"
345="http://learning2.pflb.ru:56902/api/user/catalog/node/185/service/"
346="http://learning2.pflb.ru:56902/api/user/catalog/breadcrumbs/185"
347="http://learning2.pflb.ru:56902/api/inventoryNumbers?serviceId=2900&shopId=1"
348="http://learning2.pflb.ru:56902/api/inventoryNumbers?shopId=1&serviceId=2900&serviceId=2900&q=&page=0"
349="http://learning2.pflb.ru:56902/api/user/catalog/node/159/children/"
350="http://learning2.pflb.ru:56902/api/user/catalog/node/159/service/"
351="http://learning2.pflb.ru:56902/api/user/catalog/breadcrumbs/159"
352="http://learning2.pflb.ru:56902/api/inventoryNumbers?serviceId=2839&shopId=1"
353="http://learning2.pflb.ru:56902/api/inventoryNumbers?shopId=1&serviceId=2839&serviceId=2839&q=&page=0"
354="http://learning2.pflb.ru:56902/api/ticket/150947"
355="http://learning2.pflb.ru:56902/api/ticket/150947/solve/"
356="http://learning2.pflb.ru:56902/api/ticket/150960"
357="http://learning2.pflb.ru:56902/api/ticket/150960/solve/"
358="http://learning2.pflb.ru:56902/api/user/catalog/node/205/children/"
359="http://learning2.pflb.ru:56902/api/user/catalog/node/205/service/"
360="http://learning2.pflb.ru:56902/api/user/catalog/breadcrumbs/205"
361="http://learning2.pflb.ru:56902/api/inventoryNumbers?serviceId=2983&shopId=5"
362="http://learning2.pflb.ru:56902/api/inventoryNumbers?shopId=5&serviceId=2983&serviceId=2983&q=&page=0"
363="http://learning2.pflb.ru:56902/api/task/150968"
364="http://learning2.pflb.ru:56902/api/ticket/150968/comment/"
365="http://learning2.pflb.ru:56902/api/task/150964"
366="http://learning2.pflb.ru:56902/api/ticket/150964/comment/"
367="http://learning2.pflb.ru:56902/api/task/150965"
368="http://learning2.pflb.ru:56902/api/ticket/150965/comment/"
369="http://learning2.pflb.ru:56902/api/ticket/150965"
370="http://learning2.pflb.ru:56902/api/ticket/150965/solve/"
371="http://learning2.pflb.ru:56902/api/ticket/150857"
372="http://learning2.pflb.ru:56902/api/ticket/150857/solve/"
373="http://learning2.pflb.ru:56902/api/inventoryNumbers?serviceId=2799&shopId=5"
374="http://learning2.pflb.ru:56902/api/inventoryNumbers?shopId=5&serviceId=2799&serviceId=2799&q=&page=0"
375="http://learning2.pflb.ru:56902/api/inventoryNumbers?serviceId=2900&shopId=2"
376="http://learning2.pflb.ru:56902/api/inventoryNumbers?shopId=2&serviceId=2900&serviceId=2900&q=&page=0"
377="http://learning2.pflb.ru:56902/api/task/150969"
378="http://learning2.pflb.ru:56902/api/ticket/150969/comment/"
379="http://learning2.pflb.ru:56902/api/ticket/150967"
380="http://learning2.pflb.ru:56902/api/ticket/150967/solve/"
381="http://learning2.pflb.ru:56902/api/task/150973"
382="http://learning2.pflb.ru:56902/api/ticket/150973/comment/"
383="http://learning2.pflb.ru:56902/api/ticket/150973"
384="http://learning2.pflb.ru:56902/api/ticket/150973/solve/"
385="http://learning2.pflb.ru:56902/api/inventoryNumbers?serviceId=2825&shopId=-1"
386="http://learning2.pflb.ru:56902/api/inventoryNumbers?shopId=-1&serviceId=2825&serviceId=2825&q=&page=0"
387="http://learning2.pflb.ru:56902/api/user/catalog/node/151/children/"
388="http://learning2.pflb.ru:56902/api/user/catalog/node/151/service/"
389="http://learning2.pflb.ru:56902/api/user/catalog/breadcrumbs/151"
390="http://learning2.pflb.ru:56902/api/inventoryNumbers?serviceId=2814&shopId=5"
391="http://learning2.pflb.ru:56902/api/inventoryNumbers?shopId=5&serviceId=2814&serviceId=2814&q=&page=0"
392="http://learning2.pflb.ru:56902/api/task/150975"
393="http://learning2.pflb.ru:56902/api/ticket/150975/comment/"
394="http://learning2.pflb.ru:56902/api/ticket/150964"
395="http://learning2.pflb.ru:56902/api/ticket/150964/solve/"
396="http://learning2.pflb.ru:56902/api/task/150856"
397="http://learning2.pflb.ru:56902/api/ticket/150856/comment/"
398="http://learning2.pflb.ru:56902/api/ticket/150856"
399="http://learning2.pflb.ru:56902/api/ticket/150856/solve/"
400="http://learning2.pflb.ru:56902/api/user/catalog/node/192/children/"
401="http://learning2.pflb.ru:56902/api/user/catalog/node/192/service/"
402="http://learning2.pflb.ru:56902/api/user/catalog/breadcrumbs/192"
403="http://learning2.pflb.ru:56902/api/inventoryNumbers?serviceId=2921&shopId=2"
404="http://learning2.pflb.ru:56902/api/inventoryNumbers?shopId=2&serviceId=2921&serviceId=2921&q=&page=0"
405="http://learning2.pflb.ru:56902/api/user/catalog/node/153/children/"
406="http://learning2.pflb.ru:56902/api/user/catalog/node/153/service/"
407="http://learning2.pflb.ru:56902/api/user/catalog/breadcrumbs/153"
408="http://learning2.pflb.ru:56902/api/inventoryNumbers?serviceId=2815&shopId=4"
409="http://learning2.pflb.ru:56902/api/inventoryNumbers?shopId=4&serviceId=2815&serviceId=2815&q=&page=0"
410="http://learning2.pflb.ru:56902/api/task/150972"
411="http://learning2.pflb.ru:56902/api/ticket/150972/comment/"
412="http://learning2.pflb.ru:56902/api/task/150974"
413="http://learning2.pflb.ru:56902/api/ticket/150974/comment/"
414="http://learning2.pflb.ru:56902/api/ticket/150974"
415="http://learning2.pflb.ru:56902/api/ticket/150974/solve/"
416="http://learning2.pflb.ru:56902/api/task/150971"
417="http://learning2.pflb.ru:56902/api/ticket/150971/comment/"
418="http://learning2.pflb.ru:56902/api/ticket/150971"
419="http://learning2.pflb.ru:56902/api/ticket/150971/solve/"
420="http://learning2.pflb.ru:56902/api/inventoryNumbers?serviceId=2794&shopId=1"
421="http://learning2.pflb.ru:56902/api/inventoryNumbers?shopId=1&serviceId=2794&serviceId=2794&q=&page=0"
422="http://learning2.pflb.ru:56902/api/task/150979"
423="http://learning2.pflb.ru:56902/api/ticket/150979/comment/"
424="http://learning2.pflb.ru:56902/api/ticket/150979"
425="http://learning2.pflb.ru:56902/api/ticket/150979/solve/"
426="http://learning2.pflb.ru:56902/api/task/150976"
427="http://learning2.pflb.ru:56902/api/ticket/150976/comment/"
428="http://learning2.pflb.ru:56902/api/ticket/150976"
429="http://learning2.pflb.ru:56902/api/ticket/150976/solve/"
430="http://learning2.pflb.ru:56902/api/user/catalog/node/206/children/"
431="http://learning2.pflb.ru:56902/api/user/catalog/node/206/service/"
432="http://learning2.pflb.ru:56902/api/user/catalog/breadcrumbs/206"
433="http://learning2.pflb.ru:56902/api/inventoryNumbers?serviceId=2986&shopId=-1"
434="http://learning2.pflb.ru:56902/api/inventoryNumbers?shopId=-1&serviceId=2986&serviceId=2986&q=&page=0"
435="http://learning2.pflb.ru:56902/api/user/catalog/treeview?shopid=-2"
436="http://learning2.pflb.ru:56902/api/inventoryNumbers?serviceId=2947&shopId=-2"
437="http://learning2.pflb.ru:56902/api/inventoryNumbers?shopId=-2&serviceId=2947&serviceId=2947&q=&page=0"
438="http://learning2.pflb.ru:56902/api/task/150978"
439="http://learning2.pflb.ru:56902/api/ticket/150978/comment/"
440="http://learning2.pflb.ru:56902/api/task/150970"
441="http://learning2.pflb.ru:56902/api/ticket/150970/comment/"
442="http://learning2.pflb.ru:56902/api/ticket/150972"
443="http://learning2.pflb.ru:56902/api/ticket/150972/solve/"
444="http://learning2.pflb.ru:56902/api/ticket/150975"
445="http://learning2.pflb.ru:56902/api/ticket/150975/solve/"
446="http://learning2.pflb.ru:56902/api/user/catalog/node/150/children/"
447="http://learning2.pflb.ru:56902/api/user/catalog/node/150/service/"
448="http://learning2.pflb.ru:56902/api/user/catalog/breadcrumbs/150"
449="http://learning2.pflb.ru:56902/api/inventoryNumbers?serviceId=2812&shopId=4"
450="http://learning2.pflb.ru:56902/api/inventoryNumbers?shopId=4&serviceId=2812&serviceId=2812&q=&page=0"
451="http://learning2.pflb.ru:56902/api/inventoryNumbers?serviceId=2929&shopId=5"
452="http://learning2.pflb.ru:56902/api/inventoryNumbers?shopId=5&serviceId=2929&serviceId=2929&q=&page=0"
453="http://learning2.pflb.ru:56902/api/task/150983"
454="http://learning2.pflb.ru:56902/api/ticket/150983/comment/"
455="http://learning2.pflb.ru:56902/api/task/150982"
456="http://learning2.pflb.ru:56902/api/ticket/150982/comment/"
457="http://learning2.pflb.ru:56902/api/ticket/150982"
458="http://learning2.pflb.ru:56902/api/ticket/150982/solve/"
459="http://learning2.pflb.ru:56902/api/ticket/150969"
460="http://learning2.pflb.ru:56902/api/ticket/150969/solve/"
461="http://learning2.pflb.ru:56902/api/user/catalog/node/204/children/"
462="http://learning2.pflb.ru:56902/api/user/catalog/node/204/service/"
463="http://learning2.pflb.ru:56902/api/user/catalog/breadcrumbs/204"
464="http://learning2.pflb.ru:56902/api/inventoryNumbers?serviceId=2974&shopId=-1"
465="http://learning2.pflb.ru:56902/api/inventoryNumbers?shopId=-1&serviceId=2974&serviceId=2974&q=&page=0"
466="http://learning2.pflb.ru:56902/api/inventoryNumbers?serviceId=2971&shopId=5"
467="http://learning2.pflb.ru:56902/api/inventoryNumbers?shopId=5&serviceId=2971&serviceId=2971&q=&page=0"
468="http://learning2.pflb.ru:56902/api/task/150980"
469="http://learning2.pflb.ru:56902/api/ticket/150980/comment/"
470="http://learning2.pflb.ru:56902/api/task/150981"
471="http://learning2.pflb.ru:56902/api/ticket/150981/comment/"
472="http://learning2.pflb.ru:56902/api/ticket/150970"
473="http://learning2.pflb.ru:56902/api/ticket/150970/solve/"
474="http://learning2.pflb.ru:56902/api/ticket/150981"
475="http://learning2.pflb.ru:56902/api/ticket/150981/solve/"
476="http://learning2.pflb.ru:56902/api/user/catalog/node/180/children/"
477="http://learning2.pflb.ru:56902/api/user/catalog/node/180/service/"
478="http://learning2.pflb.ru:56902/api/user/catalog/breadcrumbs/180"
479="http://learning2.pflb.ru:56902/api/inventoryNumbers?serviceId=2887&shopId=-1"
480="http://learning2.pflb.ru:56902/api/inventoryNumbers?shopId=-1&serviceId=2887&serviceId=2887&q=&page=0"
481="http://learning2.pflb.ru:56902/api/user/catalog/node/217/children/"
482="http://learning2.pflb.ru:56902/api/user/catalog/node/217/service/"
483="http://learning2.pflb.ru:56902/api/user/catalog/breadcrumbs/217"
484="http://learning2.pflb.ru:56902/api/inventoryNumbers?serviceId=3197&shopId=-1"
485="http://learning2.pflb.ru:56902/api/inventoryNumbers?shopId=-1&serviceId=3197&serviceId=3197&q=&page=0"
486="http://learning2.pflb.ru:56902/api/task/150977"
487="http://learning2.pflb.ru:56902/api/ticket/150977/comment/"
488="http://learning2.pflb.ru:56902/api/task/150986"
489="http://learning2.pflb.ru:56902/api/ticket/150986/comment/"
490="http://learning2.pflb.ru:56902/api/ticket/150986"
